# serializer version: 1
# name: test_only_repairs_for_current_next_year
  dict({
    tuple(
      'workday',
      'bad_date_holiday-1-2024_08_15',
    ): IssueRegistryItemSnapshot({
      'created': <ANY>,
      'dismissed_version': None,
      'domain': 'workday',
      'is_persistent': False,
      'issue_id': 'bad_date_holiday-1-2024_08_15',
    }),
    tuple(
      'workday',
      'bad_date_holiday-1-2025_08_15',
    ): IssueRegistryItemSnapshot({
      'created': <ANY>,
      'dismissed_version': None,
      'domain': 'workday',
      'is_persistent': False,
      'issue_id': 'bad_date_holiday-1-2025_08_15',
    }),
  })
# ---
